2026-04-08 14:05:08 INFO === EDINET 一括取得開始: 2015-01-05 〜 2026-04-08 ===
2026-04-08 14:05:08 INFO ZIP 保存先: /home/k/projects/ir-monitoring-2nd/data/raw/edinet
2026-04-08 14:05:08 WARNING edinet_scanned_dates の読み込みに失敗: relation "edinet_scanned_dates" does not exist
LINE 1: SELECT scan_date FROM edinet_scanned_dates
                              ^
 (テーブル未作成の可能性)
2026-04-08 14:05:08 INFO [1/4112] 2015-01-05 のメタデータ取得中...
2026-04-08 14:05:09 WARNING スキャン日付の記録に失敗 2015-01-05: relation "edinet_scanned_dates" does not exist
LINE 2:                     INSERT INTO edinet_scanned_dates (scan_d...
                                        ^

2026-04-08 14:05:10 INFO [2/4112] 2015-01-06 のメタデータ取得中...
2026-04-08 14:05:10 WARNING スキャン日付の記録に失敗 2015-01-06: relation "edinet_scanned_dates" does not exist
LINE 2:                     INSERT INTO edinet_scanned_dates (scan_d...
                                        ^

2026-04-08 14:05:11 INFO [3/4112] 2015-01-07 のメタデータ取得中...
2026-04-08 14:05:11 WARNING スキャン日付の記録に失敗 2015-01-07: relation "edinet_scanned_dates" does not exist
LINE 2:                     INSERT INTO edinet_scanned_dates (scan_d...
                                        ^

2026-04-08 14:05:12 INFO [4/4112] 2015-01-08 のメタデータ取得中...
2026-04-08 14:05:12 WARNING スキャン日付の記録に失敗 2015-01-08: relation "edinet_scanned_dates" does not exist
LINE 2:                     INSERT INTO edinet_scanned_dates (scan_d...
                                        ^

2026-04-08 14:05:13 INFO [5/4112] 2015-01-09 のメタデータ取得中...
2026-04-08 14:05:13 WARNING スキャン日付の記録に失敗 2015-01-09: relation "edinet_scanned_dates" does not exist
LINE 2:                     INSERT INTO edinet_scanned_dates (scan_d...
                                        ^

2026-04-08 14:05:14 INFO [6/4112] 2015-01-10 のメタデータ取得中...
2026-04-08 14:05:14 WARNING スキャン日付の記録に失敗 2015-01-10: relation "edinet_scanned_dates" does not exist
LINE 2:                     INSERT INTO edinet_scanned_dates (scan_d...
                                        ^

2026-04-08 14:05:15 INFO [7/4112] 2015-01-11 のメタデータ取得中...
2026-04-08 14:05:15 WARNING スキャン日付の記録に失敗 2015-01-11: relation "edinet_scanned_dates" does not exist
LINE 2:                     INSERT INTO edinet_scanned_dates (scan_d...
                                        ^

2026-04-08 14:05:16 INFO [8/4112] 2015-01-12 のメタデータ取得中...
2026-04-08 14:05:16 WARNING スキャン日付の記録に失敗 2015-01-12: relation "edinet_scanned_dates" does not exist
LINE 2:                     INSERT INTO edinet_scanned_dates (scan_d...
                                        ^

2026-04-08 14:05:17 INFO [9/4112] 2015-01-13 のメタデータ取得中...
2026-04-08 14:05:18 WARNING スキャン日付の記録に失敗 2015-01-13: relation "edinet_scanned_dates" does not exist
LINE 2:                     INSERT INTO edinet_scanned_dates (scan_d...
                                        ^

2026-04-08 14:05:19 INFO [10/4112] 2015-01-14 のメタデータ取得中...
2026-04-08 14:05:19 WARNING スキャン日付の記録に失敗 2015-01-14: relation "edinet_scanned_dates" does not exist
LINE 2:                     INSERT INTO edinet_scanned_dates (scan_d...
                                        ^

2026-04-08 14:05:20 INFO [11/4112] 2015-01-15 のメタデータ取得中...
2026-04-08 14:05:20 WARNING スキャン日付の記録に失敗 2015-01-15: relation "edinet_scanned_dates" does not exist
LINE 2:                     INSERT INTO edinet_scanned_dates (scan_d...
                                        ^

2026-04-08 14:05:21 INFO [12/4112] 2015-01-16 のメタデータ取得中...
2026-04-08 14:05:21 WARNING スキャン日付の記録に失敗 2015-01-16: relation "edinet_scanned_dates" does not exist
LINE 2:                     INSERT INTO edinet_scanned_dates (scan_d...
                                        ^

2026-04-08 14:05:22 INFO [13/4112] 2015-01-17 のメタデータ取得中...
2026-04-08 14:05:22 WARNING スキャン日付の記録に失敗 2015-01-17: relation "edinet_scanned_dates" does not exist
LINE 2:                     INSERT INTO edinet_scanned_dates (scan_d...
                                        ^

2026-04-08 14:05:23 INFO [14/4112] 2015-01-18 のメタデータ取得中...
2026-04-08 14:05:23 WARNING スキャン日付の記録に失敗 2015-01-18: relation "edinet_scanned_dates" does not exist
LINE 2:                     INSERT INTO edinet_scanned_dates (scan_d...
                                        ^

2026-04-08 14:05:24 INFO [15/4112] 2015-01-19 のメタデータ取得中...
2026-04-08 14:05:25 WARNING スキャン日付の記録に失敗 2015-01-19: relation "edinet_scanned_dates" does not exist
LINE 2:                     INSERT INTO edinet_scanned_dates (scan_d...
                                        ^

2026-04-08 14:05:26 INFO [16/4112] 2015-01-20 のメタデータ取得中...
2026-04-08 14:05:26 WARNING スキャン日付の記録に失敗 2015-01-20: relation "edinet_scanned_dates" does not exist
LINE 2:                     INSERT INTO edinet_scanned_dates (scan_d...
                                        ^

2026-04-08 14:05:27 INFO [17/4112] 2015-01-21 のメタデータ取得中...
2026-04-08 14:05:27 WARNING スキャン日付の記録に失敗 2015-01-21: relation "edinet_scanned_dates" does not exist
LINE 2:                     INSERT INTO edinet_scanned_dates (scan_d...
                                        ^

2026-04-08 14:05:28 INFO [18/4112] 2015-01-22 のメタデータ取得中...
2026-04-08 14:05:28 WARNING スキャン日付の記録に失敗 2015-01-22: relation "edinet_scanned_dates" does not exist
LINE 2:                     INSERT INTO edinet_scanned_dates (scan_d...
                                        ^

2026-04-08 14:05:29 INFO [19/4112] 2015-01-23 のメタデータ取得中...
2026-04-08 14:05:29 WARNING スキャン日付の記録に失敗 2015-01-23: relation "edinet_scanned_dates" does not exist
LINE 2:                     INSERT INTO edinet_scanned_dates (scan_d...
                                        ^

Traceback (most recent call last):
  File "/home/k/projects/ir-monitoring-2nd/scripts/bulk_download_edinet.py", line 230, in <module>
    sys.exit(main())
             ^^^^^^
  File "/home/k/projects/ir-monitoring-2nd/scripts/bulk_download_edinet.py", line 209, in main
    total = download_range(
            ^^^^^^^^^^^^^^^
  File "/home/k/projects/ir-monitoring-2nd/scripts/bulk_download_edinet.py", line 137, in download_range
    time.sleep(API_INTERVAL_SECS)
KeyboardInterrupt
